Traceback (most recent call last):
  File "/work/pde-book/.venv/lib/python3.12/site-packages/jupyter_cache/executors/utils.py", line 58, in single_nb_execution
    executenb(
  File "/usr/lib/python3.12/site-packages/nbclient/client.py", line 1314, in execute
    return NotebookClient(nb=nb, resources=resources, km=km, **kwargs).execute()
           ^^^^^^^^^^^^^^^^^^^^^^^^^^^^^^^^^^^^^^^^^^^^^^^^^^^^^^^^^^^^^^^^^^^^^
  File "/usr/lib/python3.12/site-packages/jupyter_core/utils/__init__.py", line 165, in wrapped
    return loop.run_until_complete(inner)
           ^^^^^^^^^^^^^^^^^^^^^^^^^^^^^^
  File "/usr/lib/python3.12/asyncio/base_events.py", line 687, in run_until_complete
    return future.result()
           ^^^^^^^^^^^^^^^
  File "/usr/lib/python3.12/site-packages/nbclient/client.py", line 709, in async_execute
    await self.async_execute_cell(
  File "/usr/lib/python3.12/site-packages/nbclient/client.py", line 1062, in async_execute_cell
    await self._check_raise_for_error(cell, cell_index, exec_reply)
  File "/usr/lib/python3.12/site-packages/nbclient/client.py", line 918, in _check_raise_for_error
    raise CellExecutionError.from_cell_and_msg(cell, exec_reply_content)
nbclient.exceptions.CellExecutionError: An error occurred while executing the following cell:
------------------
v = ps.fields("v(2): double[2D]")
valid_kernel = ps.create_kernel(
    [
        ps.Assignment(v[0, 0](1), 2 * v[0, 0](1) + 42),
        ps.Assignment(v[0, 1](0), 2 * v[1, 0](0) + 42),
    ]
)
------------------


[0;31m---------------------------------------------------------------------------[0m
[0;31mValueError[0m                                Traceback (most recent call last)
Cell [0;32mIn[38], line 2[0m
[1;32m      1[0m v [38;5;241m=[39m ps[38;5;241m.[39mfields([38;5;124m"[39m[38;5;124mv(2): double[2D][39m[38;5;124m"[39m)
[0;32m----> 2[0m valid_kernel [38;5;241m=[39m [43mps[49m[38;5;241;43m.[39;49m[43mcreate_kernel[49m[43m([49m
[1;32m      3[0m [43m    [49m[43m[[49m
[1;32m      4[0m [43m        [49m[43mps[49m[38;5;241;43m.[39;49m[43mAssignment[49m[43m([49m[43mv[49m[43m[[49m[38;5;241;43m0[39;49m[43m,[49m[43m [49m[38;5;241;43m0[39;49m[43m][49m[43m([49m[38;5;241;43m1[39;49m[43m)[49m[43m,[49m[43m [49m[38;5;241;43m2[39;49m[43m [49m[38;5;241;43m*[39;49m[43m [49m[43mv[49m[43m[[49m[38;5;241;43m0[39;49m[43m,[49m[43m [49m[38;5;241;43m0[39;49m[43m][49m[43m([49m[38;5;241;43m1[39;49m[43m)[49m[43m [49m[38;5;241;43m+[39;49m[43m [49m[38;5;241;43m42[39;49m[43m)[49m[43m,[49m
[1;32m      5[0m [43m        [49m[43mps[49m[38;5;241;43m.[39;49m[43mAssignment[49m[43m([49m[43mv[49m[43m[[49m[38;5;241;43m0[39;49m[43m,[49m[43m [49m[38;5;241;43m1[39;49m[43m][49m[43m([49m[38;5;241;43m0[39;49m[43m)[49m[43m,[49m[43m [49m[38;5;241;43m2[39;49m[43m [49m[38;5;241;43m*[39;49m[43m [49m[43mv[49m[43m[[49m[38;5;241;43m1[39;49m[43m,[49m[43m [49m[38;5;241;43m0[39;49m[43m][49m[43m([49m[38;5;241;43m0[39;49m[43m)[49m[43m [49m[38;5;241;43m+[39;49m[43m [49m[38;5;241;43m42[39;49m[43m)[49m[43m,[49m
[1;32m      6[0m [43m    [49m[43m][49m
[1;32m      7[0m [43m)[49m

File [0;32m/usr/lib/python3.12/site-packages/pystencils/kernelcreation.py:87[0m, in [0;36mcreate_kernel[0;34m(assignments, config, **kwargs)[0m
[1;32m     85[0m     [38;5;28;01mreturn[39;00m create_indexed_kernel(assignments, config[38;5;241m=[39mconfig)
[1;32m     86[0m [38;5;28;01melse[39;00m:
[0;32m---> 87[0m     [38;5;28;01mreturn[39;00m [43mcreate_domain_kernel[49m[43m([49m[43massignments[49m[43m,[49m[43m [49m[43mconfig[49m[38;5;241;43m=[39;49m[43mconfig[49m[43m)[49m

File [0;32m/usr/lib/python3.12/site-packages/pystencils/kernelcreation.py:132[0m, in [0;36mcreate_domain_kernel[0;34m(assignments, config)[0m
[1;32m    127[0m [38;5;66;03m# FUTURE WORK from here we shouldn't NEED sympy[39;00m
[1;32m    128[0m [38;5;66;03m# --- check constrains[39;00m
[1;32m    129[0m check [38;5;241m=[39m KernelConstraintsCheck(check_independence_condition[38;5;241m=[39m[38;5;129;01mnot[39;00m config[38;5;241m.[39mskip_independence_check,
[1;32m    130[0m                                check_double_write_condition[38;5;241m=[39m[38;5;129;01mnot[39;00m config[38;5;241m.[39mallow_double_writes)
[0;32m--> 132[0m [43mcheck[49m[38;5;241;43m.[39;49m[43mvisit[49m[43m([49m[43massignments[49m[43m)[49m
[1;32m    134[0m assignments[38;5;241m.[39mbound_fields [38;5;241m=[39m check[38;5;241m.[39mfields_written
[1;32m    135[0m assignments[38;5;241m.[39mrhs_fields [38;5;241m=[39m check[38;5;241m.[39mfields_read

File [0;32m/usr/lib/python3.12/site-packages/pystencils/kernel_contrains_check.py:49[0m, in [0;36mKernelConstraintsCheck.visit[0;34m(self, obj)[0m
[1;32m     47[0m [38;5;28;01mdef[39;00m [38;5;21mvisit[39m([38;5;28mself[39m, obj):
[1;32m     48[0m     [38;5;28;01mif[39;00m [38;5;28misinstance[39m(obj, (AssignmentCollection, NodeCollection)):
[0;32m---> 49[0m         [[38;5;28;43mself[39;49m[38;5;241;43m.[39;49m[43mvisit[49m[43m([49m[43me[49m[43m)[49m [38;5;28;01mfor[39;00m e [38;5;129;01min[39;00m obj[38;5;241m.[39mall_assignments]
[1;32m     50[0m     [38;5;28;01melif[39;00m [38;5;28misinstance[39m(obj, [38;5;28mlist[39m) [38;5;129;01mor[39;00m [38;5;28misinstance[39m(obj, [38;5;28mtuple[39m):
[1;32m     51[0m         [[38;5;28mself[39m[38;5;241m.[39mvisit(e) [38;5;28;01mfor[39;00m e [38;5;129;01min[39;00m obj]

File [0;32m/usr/lib/python3.12/site-packages/pystencils/kernel_contrains_check.py:53[0m, in [0;36mKernelConstraintsCheck.visit[0;34m(self, obj)[0m
[1;32m     51[0m     [[38;5;28mself[39m[38;5;241m.[39mvisit(e) [38;5;28;01mfor[39;00m e [38;5;129;01min[39;00m obj]
[1;32m     52[0m [38;5;28;01melif[39;00m [38;5;28misinstance[39m(obj, (sp[38;5;241m.[39mEq, ast[38;5;241m.[39mSympyAssignment, Assignment)):
[0;32m---> 53[0m     [38;5;28;43mself[39;49m[38;5;241;43m.[39;49m[43mprocess_assignment[49m[43m([49m[43mobj[49m[43m)[49m
[1;32m     54[0m [38;5;28;01melif[39;00m [38;5;28misinstance[39m(obj, ast[38;5;241m.[39mConditional):
[1;32m     55[0m     [38;5;28mself[39m[38;5;241m.[39mscopes[38;5;241m.[39mpush()

File [0;32m/usr/lib/python3.12/site-packages/pystencils/kernel_contrains_check.py:81[0m, in [0;36mKernelConstraintsCheck.process_assignment[0;34m(self, assignment)[0m
[1;32m     78[0m [38;5;28;01mdef[39;00m [38;5;21mprocess_assignment[39m([38;5;28mself[39m, assignment: Union[sp[38;5;241m.[39mEq, ast[38;5;241m.[39mSympyAssignment, Assignment]):
[1;32m     79[0m     [38;5;66;03m# for checks it is crucial to process rhs before lhs to catch e.g. a = a + 1[39;00m
[1;32m     80[0m     [38;5;28mself[39m[38;5;241m.[39mprocess_expression(assignment[38;5;241m.[39mrhs)
[0;32m---> 81[0m     [38;5;28;43mself[39;49m[38;5;241;43m.[39;49m[43mprocess_lhs[49m[43m([49m[43massignment[49m[38;5;241;43m.[39;49m[43mlhs[49m[43m)[49m

File [0;32m/usr/lib/python3.12/site-packages/pystencils/kernel_contrains_check.py:102[0m, in [0;36mKernelConstraintsCheck.process_lhs[0;34m(self, lhs)[0m
[1;32m    100[0m [38;5;28;01mdef[39;00m [38;5;21mprocess_lhs[39m([38;5;28mself[39m, lhs: Union[Field[38;5;241m.[39mAccess, TypedSymbol, sp[38;5;241m.[39mSymbol]):
[1;32m    101[0m     [38;5;28;01massert[39;00m [38;5;28misinstance[39m(lhs, sp[38;5;241m.[39mSymbol)
[0;32m--> 102[0m     [38;5;28;43mself[39;49m[38;5;241;43m.[39;49m[43mupdate_accesses_lhs[49m[43m([49m[43mlhs[49m[43m)[49m

File [0;32m/usr/lib/python3.12/site-packages/pystencils/kernel_contrains_check.py:120[0m, in [0;36mKernelConstraintsCheck.update_accesses_lhs[0;34m(self, lhs)[0m
[1;32m    118[0m         [38;5;28;01mif[39;00m [38;5;28mlen[39m(reads) [38;5;241m>[39m [38;5;241m1[39m [38;5;129;01mor[39;00m lhs[38;5;241m.[39moffsets [38;5;241m!=[39m reads[[38;5;241m0[39m]:
[1;32m    119[0m             [38;5;28;01mif[39;00m [38;5;28mself[39m[38;5;241m.[39mcheck_independence_condition:
[0;32m--> 120[0m                 [38;5;28;01mraise[39;00m [38;5;167;01mValueError[39;00m([38;5;124mf[39m[38;5;124m"[39m[38;5;124mField [39m[38;5;132;01m{[39;00mlhs[38;5;241m.[39mfield[38;5;241m.[39mname[38;5;132;01m}[39;00m[38;5;124m is written at different location than it was read. [39m[38;5;124m"[39m
[1;32m    121[0m                                  [38;5;124mf[39m[38;5;124m"[39m[38;5;124mThis means the resulting kernel would not be thread safe[39m[38;5;124m"[39m)
[1;32m    122[0m [38;5;28;01melif[39;00m [38;5;28misinstance[39m(lhs, sp[38;5;241m.[39mSymbol):
[1;32m    123[0m     [38;5;28;01mif[39;00m [38;5;28mself[39m[38;5;241m.[39mscopes[38;5;241m.[39mis_defined_locally(lhs):

[0;31mValueError[0m: Field v is written at different location than it was read. This means the resulting kernel would not be thread safe

